[
  {
    "globalAccountId": "GlobalAccountID field. IDX: 1",
    "runtimeId": "RuntimeID field. IDX: 1",
    "serviceClassId": "ServiceID field. IDX: 1",
    "serviceClassName": "ServiceName field. IDX: 1",
    "serviceInstanceId": "InstanceID field. IDX: 1",
    "servicePlanId": "ServicePlanID field. IDX: 1",
    "servicePlanName": "ServicePlanName field. IDX: 1",
    "status": {
      "createdAt": "2020-04-21T00:00:24.000000042Z",
      "deletedAt": "2020-04-21T01:00:23.000000042Z",
      "deprovisioning": {
        "description": "esc for succeeded op.. IDX: 1",
        "state": "succeeded"
      },
      "provisioning": {
        "description": "esc for succeeded op.. IDX: 1",
        "state": "succeeded"
      },
      "updatedAt": "2020-04-21T00:01:23.000000042Z"
    },
    "subaccountId": "SubAccountID field. IDX: 1",
    "subaccountRegion": "region-value-idx-1"
  },
  {
    "globalAccountId": "GlobalAccountID field. IDX: 2",
    "runtimeId": "RuntimeID field. IDX: 2",
    "serviceClassId": "ServiceID field. IDX: 2",
    "serviceClassName": "ServiceName field. IDX: 2",
    "serviceInstanceId": "InstanceID field. IDX: 2",
    "servicePlanId": "ServicePlanID field. IDX: 2",
    "servicePlanName": "ServicePlanName field. IDX: 2",
    "status": {
      "createdAt": "2020-04-21T00:00:25.000000042Z",
      "deletedAt": "2020-04-21T02:00:23.000000042Z",
      "deprovisioning": {
        "description": "esc for succeeded op.. IDX: 2",
        "state": "succeeded"
      },
      "provisioning": {
        "description": "esc for succeeded op.. IDX: 2",
        "state": "succeeded"
      },
      "updatedAt": "2020-04-21T00:02:23.000000042Z"
    },
    "subaccountId": "SubAccountID field. IDX: 2",
    "subaccountRegion": "region-value-idx-2"
  },
  {
    "globalAccountId": "GlobalAccountID field. IDX: 3",
    "runtimeId": "RuntimeID field. IDX: 3",
    "serviceClassId": "ServiceID field. IDX: 3",
    "serviceClassName": "ServiceName field. IDX: 3",
    "serviceInstanceId": "InstanceID field. IDX: 3",
    "servicePlanId": "ServicePlanID field. IDX: 3",
    "servicePlanName": "ServicePlanName field. IDX: 3",
    "status": {
      "createdAt": "2020-04-21T00:00:26.000000042Z",
      "deletedAt": "2020-04-21T03:00:23.000000042Z",
      "updatedAt": "2020-04-21T00:03:23.000000042Z"
    },
    "subaccountId": "SubAccountID field. IDX: 3",
    "subaccountRegion": "region-value-idx-3"
  }
]