[
  {
    "globalAccountId": "GlobalAccountID field. IDX: 1",
    "runtimeId": "RuntimeID field. IDX: 1",
    "serviceClassId": "ServiceID field. IDX: 1",
    "serviceClassName": "ServiceName field. IDX: 1",
    "serviceInstanceId": "InstanceID field. IDX: 1",
    "servicePlanId": "ServicePlanID field. IDX: 1",
    "servicePlanName": "ServicePlanName field. IDX: 1",
    "status": {
      "createdAt": "2020-04-21T00:00:24.000000042Z",
      "deletedAt": "2020-04-21T01:00:23.000000042Z",
      "updatedAt": "2020-04-21T00:01:23.000000042Z"
    },
    "subaccountId": "SubAccountID field. IDX: 1",
    "subaccountRegion": "default-region"
  }
]