// Jest Snapshot v1, https://goo.gl/fbAQLP

exports[`Button Element renders correctly 1`] = `
<button
  className="sc-bdVaJa fXKjvu"
>
  Button
</button>
`;
