{
  "test-region": {
    "clientId": "client_id",
    "clientSecret": "client_secret",
    "url": "https://test-url-second.com",
    "tokenURLPath": "oauth/token",
    "saas_registry_url": "https://saas_registry_url"
  }
}
