// Jest Snapshot v1, https://goo.gl/fbAQLP

exports[`Tooltip Element renders correctly 1`] = `
<div
  className="sc-htpNat gHmJEJ"
  onMouseEnter={[Function]}
  onMouseLeave={[Function]}
  type="default"
>
  Content for tooltip
</div>
`;
