// Jest Snapshot v1, https://goo.gl/fbAQLP

exports[`Header Element renders correctly 1`] = `
.c0 {
  font-size: 100%;
  font-size-adjust: 0.5;
  font-weight: normal;
  color: #32363a;
  margin: 0;
}

<header
  className="c0"
>
  A Header tag
</header>
`;
