// Jest Snapshot v1, https://goo.gl/fbAQLP

exports[`Separator Element renders correctly 1`] = `
<div
  className="sc-bdVaJa oIpli"
/>
`;
