// Jest Snapshot v1, https://goo.gl/fbAQLP

exports[`ScenarioApplications Renders with minimal props 1`] = `
<ApolloProvider
  client={
    ApolloClient {
      "cache": InMemoryCache {
        "addTypename": false,
        "cacheKeyRoot": KeyTrie {
          "weakness": true,
        },
        "config": Object {
          "addTypename": false,
          "dataIdFromObject": [Function],
          "fragmentMatcher": HeuristicFragmentMatcher {},
          "freezeResults": false,
          "resultCaching": true,
        },
        "data": DepTrackingCache {
          "data": Object {},
          "depend": [Function],
        },
        "maybeBroadcastWatch": [Function],
        "optimisticData": DepTrackingCache {
          "data": Object {},
          "depend": [Function],
        },
        "silenceBroadcast": false,
        "storeReader": StoreReader {
          "executeSelectionSet": [Function],
          "executeStoreQuery": [Function],
          "executeSubSelectedArray": [Function],
          "freezeResults": false,
        },
        "storeWriter": StoreWriter {},
        "typenameDocumentCache": Map {},
        "watches": Set {},
      },
      "clearStoreCallbacks": Array [],
      "defaultOptions": Object {},
      "disableNetworkFetches": false,
      "link": MockLink {
        "addTypename": false,
        "mockedResponsesByKey": Object {},
      },
      "localState": LocalState {
        "cache": InMemoryCache {
          "addTypename": false,
          "cacheKeyRoot": KeyTrie {
            "weakness": true,
          },
          "config": Object {
            "addTypename": false,
            "dataIdFromObject": [Function],
            "fragmentMatcher": HeuristicFragmentMatcher {},
            "freezeResults": false,
            "resultCaching": true,
          },
          "data": DepTrackingCache {
            "data": Object {},
            "depend": [Function],
          },
          "maybeBroadcastWatch": [Function],
          "optimisticData": DepTrackingCache {
            "data": Object {},
            "depend": [Function],
          },
          "silenceBroadcast": false,
          "storeReader": StoreReader {
            "executeSelectionSet": [Function],
            "executeStoreQuery": [Function],
            "executeSubSelectedArray": [Function],
            "freezeResults": false,
          },
          "storeWriter": StoreWriter {},
          "typenameDocumentCache": Map {},
          "watches": Set {},
        },
        "client": [Circular],
      },
      "mutate": [Function],
      "query": [Function],
      "queryDeduplication": true,
      "queryManager": QueryManager {
        "assumeImmutableResults": false,
        "clientAwareness": Object {
          "name": undefined,
          "version": undefined,
        },
        "dataStore": DataStore {
          "cache": InMemoryCache {
            "addTypename": false,
            "cacheKeyRoot": KeyTrie {
              "weakness": true,
            },
            "config": Object {
              "addTypename": false,
              "dataIdFromObject": [Function],
              "fragmentMatcher": HeuristicFragmentMatcher {},
              "freezeResults": false,
              "resultCaching": true,
            },
            "data": DepTrackingCache {
              "data": Object {},
              "depend": [Function],
            },
            "maybeBroadcastWatch": [Function],
            "optimisticData": DepTrackingCache {
              "data": Object {},
              "depend": [Function],
            },
            "silenceBroadcast": false,
            "storeReader": StoreReader {
              "executeSelectionSet": [Function],
              "executeStoreQuery": [Function],
              "executeSubSelectedArray": [Function],
              "freezeResults": false,
            },
            "storeWriter": StoreWriter {},
            "typenameDocumentCache": Map {},
            "watches": Set {},
          },
        },
        "fetchQueryRejectFns": Map {},
        "idCounter": 1,
        "inFlightLinkObservables": Map {},
        "link": MockLink {
          "addTypename": false,
          "mockedResponsesByKey": Object {},
        },
        "localState": LocalState {
          "cache": InMemoryCache {
            "addTypename": false,
            "cacheKeyRoot": KeyTrie {
              "weakness": true,
            },
            "config": Object {
              "addTypename": false,
              "dataIdFromObject": [Function],
              "fragmentMatcher": HeuristicFragmentMatcher {},
              "freezeResults": false,
              "resultCaching": true,
            },
            "data": DepTrackingCache {
              "data": Object {},
              "depend": [Function],
            },
            "maybeBroadcastWatch": [Function],
            "optimisticData": DepTrackingCache {
              "data": Object {},
              "depend": [Function],
            },
            "silenceBroadcast": false,
            "storeReader": StoreReader {
              "executeSelectionSet": [Function],
              "executeStoreQuery": [Function],
              "executeSubSelectedArray": [Function],
              "freezeResults": false,
            },
            "storeWriter": StoreWriter {},
            "typenameDocumentCache": Map {},
            "watches": Set {},
          },
          "client": [Circular],
        },
        "mutationStore": MutationStore {
          "store": Object {},
        },
        "onBroadcast": [Function],
        "pollingInfoByQueryId": Map {},
        "queries": Map {},
        "queryDeduplication": true,
        "queryStore": QueryStore {
          "store": Object {},
        },
        "ssrMode": false,
        "transformCache": WeakMap {},
      },
      "reFetchObservableQueries": [Function],
      "resetStore": [Function],
      "resetStoreCallbacks": Array [],
      "store": DataStore {
        "cache": InMemoryCache {
          "addTypename": false,
          "cacheKeyRoot": KeyTrie {
            "weakness": true,
          },
          "config": Object {
            "addTypename": false,
            "dataIdFromObject": [Function],
            "fragmentMatcher": HeuristicFragmentMatcher {},
            "freezeResults": false,
            "resultCaching": true,
          },
          "data": DepTrackingCache {
            "data": Object {},
            "depend": [Function],
          },
          "maybeBroadcastWatch": [Function],
          "optimisticData": DepTrackingCache {
            "data": Object {},
            "depend": [Function],
          },
          "silenceBroadcast": false,
          "storeReader": StoreReader {
            "executeSelectionSet": [Function],
            "executeStoreQuery": [Function],
            "executeSubSelectedArray": [Function],
            "freezeResults": false,
          },
          "storeWriter": StoreWriter {},
          "typenameDocumentCache": Map {},
          "watches": Set {},
        },
      },
      "typeDefs": undefined,
      "version": "2.6.10",
      "watchQuery": [Function],
    }
  }
>
  <ScenarioApplications
    getApplicationsForScenario={
      Object {
        "applications": Object {
          "data": Array [
            Object {
              "apiDefinitions": Object {
                "totalCount": 3,
              },
              "eventDefinitions": Object {
                "totalCount": 5,
              },
              "id": "id 1",
              "labels": Object {},
              "name": "Application 1",
            },
          ],
          "totalCount": 1,
        },
        "error": null,
        "loading": false,
      }
    }
    removeApplicationFromScenario={[Function]}
    scenarioName="scenario name"
    sendNotification={[Function]}
  />
</ApolloProvider>
`;
